
> datn-social-backend@1.0.0 start
> nest start

node.exe : (node:13884) 
[DEP0190] 
DeprecationWarning: 
Passing args to a child 
process with shell option 
true can lead to security 
vulnerabilities, as the 
arguments are not 
escaped, only 
concatenated.
At line:1 char:1
+ & "C:\Program 
Files\nodejs/node.exe" 
"C:\Program 
Files\nodejs/node_mo ...
+ ~~~~~~~~~~~~~~~~~~~~~~~~
~~~~~~~~~~~~~~~~~~~~~~~~~~
~~~~~~~~~~~~~~~~~~~
    + CategoryInfo        
      : NotSpeci    fied: 
((node:1388    4) [D...y 
concate    nated.:String) 
[]    , RemoteException
    + FullyQualifiedE    
rrorId : NativeCo    
mmandError
 
(Use `node 
--trace-deprecation ...` 
to show where the warning 
was created)
[32m[Nest] 3764  - [39m03/13/2026, 1:10:40 PM [32m    LOG[39m [38;5;3m[NestFactory] [39m[32mStarting Nest application...[39m
[32m[Nest] 3764  - [39m03/13/2026, 1:10:40 PM [32m    LOG[39m [38;5;3m[InstanceLoader] [39m[32mAppModule dependencies initialized[39m[38;5;3m +13ms[39m
[32m[Nest] 3764  - [39m03/13/2026, 1:10:40 PM [32m    LOG[39m [38;5;3m[InstanceLoader] [39m[32mTypeOrmModule dependencies initialized[39m[38;5;3m +0ms[39m
[32m[Nest] 3764  - [39m03/13/2026, 1:10:40 PM [32m    LOG[39m [38;5;3m[InstanceLoader] [39m[32mPassportModule dependencies initialized[39m[38;5;3m +0ms[39m
[32m[Nest] 3764  - [39m03/13/2026, 1:10:40 PM [32m    LOG[39m [38;5;3m[InstanceLoader] [39m[32mConfigHostModule dependencies initialized[39m[38;5;3m +0ms[39m
[32m[Nest] 3764  - [39m03/13/2026, 1:10:40 PM [32m    LOG[39m [38;5;3m[InstanceLoader] [39m[32mConfigModule dependencies initialized[39m[38;5;3m +1ms[39m
[32m[Nest] 3764  - [39m03/13/2026, 1:10:40 PM [32m    LOG[39m [38;5;3m[InstanceLoader] [39m[32mConfigModule dependencies initialized[39m[38;5;3m +0ms[39m
[32m[Nest] 3764  - [39m03/13/2026, 1:10:40 PM [32m    LOG[39m [38;5;3m[InstanceLoader] [39m[32mJwtModule dependencies initialized[39m[38;5;3m +42ms[39m
[32m[Nest] 3764  - [39m03/13/2026, 1:10:40 PM [32m    LOG[39m [38;5;3m[InstanceLoader] [39m[32mJwtModule dependencies initialized[39m[38;5;3m +0ms[39m
[32m[Nest] 3764  - [39m03/13/2026, 1:10:40 PM [32m    LOG[39m [38;5;3m[InstanceLoader] [39m[32mTypeOrmCoreModule dependencies initialized[39m[38;5;3m +86ms[39m
[32m[Nest] 3764  - [39m03/13/2026, 1:10:40 PM [32m    LOG[39m [38;5;3m[InstanceLoader] [39m[32mTypeOrmModule dependencies initialized[39m[38;5;3m +0ms[39m
[32m[Nest] 3764  - [39m03/13/2026, 1:10:40 PM [32m    LOG[39m [38;5;3m[InstanceLoader] [39m[32mTypeOrmModule dependencies initialized[39m[38;5;3m +0ms[39m
[32m[Nest] 3764  - [39m03/13/2026, 1:10:40 PM [32m    LOG[39m [38;5;3m[InstanceLoader] [39m[32mTypeOrmModule dependencies initialized[39m[38;5;3m +0ms[39m
[32m[Nest] 3764  - [39m03/13/2026, 1:10:40 PM [32m    LOG[39m [38;5;3m[InstanceLoader] [39m[32mTypeOrmModule dependencies initialized[39m[38;5;3m +0ms[39m
[32m[Nest] 3764  - [39m03/13/2026, 1:10:40 PM [32m    LOG[39m [38;5;3m[InstanceLoader] [39m[32mTypeOrmModule dependencies initialized[39m[38;5;3m +0ms[39m
[32m[Nest] 3764  - [39m03/13/2026, 1:10:40 PM [32m    LOG[39m [38;5;3m[InstanceLoader] [39m[32mTypeOrmModule dependencies initialized[39m[38;5;3m +0ms[39m
[32m[Nest] 3764  - [39m03/13/2026, 1:10:40 PM [32m    LOG[39m [38;5;3m[InstanceLoader] [39m[32mPostModule dependencies initialized[39m[38;5;3m +3ms[39m
[32m[Nest] 3764  - [39m03/13/2026, 1:10:40 PM [32m    LOG[39m [38;5;3m[InstanceLoader] [39m[32mUserModule dependencies initialized[39m[38;5;3m +0ms[39m
[32m[Nest] 3764  - [39m03/13/2026, 1:10:40 PM [32m    LOG[39m [38;5;3m[InstanceLoader] [39m[32mChatModule dependencies initialized[39m[38;5;3m +0ms[39m
[32m[Nest] 3764  - [39m03/13/2026, 1:10:40 PM [32m    LOG[39m [38;5;3m[InstanceLoader] [39m[32mSearchModule dependencies initialized[39m[38;5;3m +0ms[39m
[32m[Nest] 3764  - [39m03/13/2026, 1:10:40 PM [32m    LOG[39m [38;5;3m[InstanceLoader] [39m[32mAuthModule dependencies initialized[39m[38;5;3m +0ms[39m
[32m[Nest] 3764  - [39m03/13/2026, 1:10:40 PM [32m    LOG[39m [38;5;3m[InstanceLoader] [39m[32mNotificationModule dependencies initialized[39m[38;5;3m +0ms[39m
[32m[Nest] 3764  - [39m03/13/2026, 1:10:40 PM [32m    LOG[39m [38;5;3m[InstanceLoader] [39m[32mEngagementModule dependencies initialized[39m[38;5;3m +0ms[39m
Notification gateway initialized
[32m[Nest] 3764  - [39m03/13/2026, 1:10:40 PM [32m    LOG[39m [38;5;3m[WebSocketsController] [39m[32mNotificationGateway subscribed to the "markAsRead" message[39m[38;5;3m +32ms[39m
[32m[Nest] 3764  - [39m03/13/2026, 1:10:40 PM [32m    LOG[39m [38;5;3m[WebSocketsController] [39m[32mNotificationGateway subscribed to the "markAllAsRead" message[39m[38;5;3m +0ms[39m
Chat gateway initialized
[32m[Nest] 3764  - [39m03/13/2026, 1:10:40 PM [32m    LOG[39m [38;5;3m[WebSocketsController] [39m[32mChatGateway subscribed to the "joinConversation" message[39m[38;5;3m +1ms[39m
[32m[Nest] 3764  - [39m03/13/2026, 1:10:40 PM [32m    LOG[39m [38;5;3m[WebSocketsController] [39m[32mChatGateway subscribed to the "leaveConversation" message[39m[38;5;3m +0ms[39m
[32m[Nest] 3764  - [39m03/13/2026, 1:10:40 PM [32m    LOG[39m [38;5;3m[WebSocketsController] [39m[32mChatGateway subscribed to the "sendMessage" message[39m[38;5;3m +0ms[39m
[32m[Nest] 3764  - [39m03/13/2026, 1:10:40 PM [32m    LOG[39m [38;5;3m[WebSocketsController] [39m[32mChatGateway subscribed to the "markAsRead" message[39m[38;5;3m +0ms[39m
[32m[Nest] 3764  - [39m03/13/2026, 1:10:40 PM [32m    LOG[39m [38;5;3m[WebSocketsController] [39m[32mChatGateway subscribed to the "typing" message[39m[38;5;3m +0ms[39m
[32m[Nest] 3764  - [39m03/13/2026, 1:10:40 PM [32m    LOG[39m [38;5;3m[RoutesResolver] [39m[32mAuthController {/api/v1/auth}:[39m[38;5;3m +1ms[39m
[32m[Nest] 3764  - [39m03/13/2026, 1:10:40 PM [32m    LOG[39m [38;5;3m[RouterExplorer] [39m[32mMapped {/api/v1/auth/register, POST} route[39m[38;5;3m +2ms[39m
[32m[Nest] 3764  - [39m03/13/2026, 1:10:40 PM [32m    LOG[39m [38;5;3m[RouterExplorer] [39m[32mMapped {/api/v1/auth/login, POST} route[39m[38;5;3m +0ms[39m
[32m[Nest] 3764  - [39m03/13/2026, 1:10:40 PM [32m    LOG[39m [38;5;3m[RouterExplorer] [39m[32mMapped {/api/v1/auth/google, POST} route[39m[38;5;3m +0ms[39m
[32m[Nest] 3764  - [39m03/13/2026, 1:10:40 PM [32m    LOG[39m [38;5;3m[RouterExplorer] [39m[32mMapped {/api/v1/auth/refresh, POST} route[39m[38;5;3m +0ms[39m
[32m[Nest] 3764  - [39m03/13/2026, 1:10:40 PM [32m    LOG[39m [38;5;3m[RouterExplorer] [39m[32mMapped {/api/v1/auth/me, GET} route[39m[38;5;3m +0ms[39m
[32m[Nest] 3764  - [39m03/13/2026, 1:10:40 PM [32m    LOG[39m [38;5;3m[RoutesResolver] [39m[32mUserController {/api/v1/users}:[39m[38;5;3m +1ms[39m
[32m[Nest] 3764  - [39m03/13/2026, 1:10:40 PM [32m    LOG[39m [38;5;3m[RouterExplorer] [39m[32mMapped {/api/v1/users/me, GET} route[39m[38;5;3m +0ms[39m
[32m[Nest] 3764  - [39m03/13/2026, 1:10:40 PM [32m    LOG[39m [38;5;3m[RouterExplorer] [39m[32mMapped {/api/v1/users/me/avatar, POST} route[39m[38;5;3m +0ms[39m
[32m[Nest] 3764  - [39m03/13/2026, 1:10:40 PM [32m    LOG[39m [38;5;3m[RouterExplorer] [39m[32mMapped {/api/v1/users/:username, GET} route[39m[38;5;3m +0ms[39m
[32m[Nest] 3764  - [39m03/13/2026, 1:10:40 PM [32m    LOG[39m [38;5;3m[RouterExplorer] [39m[32mMapped {/api/v1/users/me, PATCH} route[39m[38;5;3m +0ms[39m
[32m[Nest] 3764  - [39m03/13/2026, 1:10:40 PM [32m    LOG[39m [38;5;3m[RouterExplorer] [39m[32mMapped {/api/v1/users/me/notification, PATCH} route[39m[38;5;3m +1ms[39m
[32m[Nest] 3764  - [39m03/13/2026, 1:10:40 PM [32m    LOG[39m [38;5;3m[RouterExplorer] [39m[32mMapped {/api/v1/users/:id/follow, POST} route[39m[38;5;3m +0ms[39m
[32m[Nest] 3764  - [39m03/13/2026, 1:10:40 PM [32m    LOG[39m [38;5;3m[RouterExplorer] [39m[32mMapped {/api/v1/users/:id/follow, DELETE} route[39m[38;5;3m +0ms[39m
[32m[Nest] 3764  - [39m03/13/2026, 1:10:40 PM [32m    LOG[39m [38;5;3m[RouterExplorer] [39m[32mMapped {/api/v1/users/:id/followers, GET} route[39m[38;5;3m +0ms[39m
[32m[Nest] 3764  - [39m03/13/2026, 1:10:40 PM [32m    LOG[39m [38;5;3m[RouterExplorer] [39m[32mMapped {/api/v1/users/:id/following, GET} route[39m[38;5;3m +0ms[39m
[32m[Nest] 3764  - [39m03/13/2026, 1:10:40 PM [32m    LOG[39m [38;5;3m[RoutesResolver] [39m[32mNotificationController {/api/v1/notifications}:[39m[38;5;3m +0ms[39m
[32m[Nest] 3764  - [39m03/13/2026, 1:10:40 PM [32m    LOG[39m [38;5;3m[RouterExplorer] [39m[32mMapped {/api/v1/notifications, GET} route[39m[38;5;3m +0ms[39m
[32m[Nest] 3764  - [39m03/13/2026, 1:10:40 PM [32m    LOG[39m [38;5;3m[RouterExplorer] [39m[32mMapped {/api/v1/notifications/unread-count, GET} route[39m[38;5;3m +1ms[39m
[32m[Nest] 3764  - [39m03/13/2026, 1:10:40 PM [32m    LOG[39m [38;5;3m[RouterExplorer] [39m[32mMapped {/api/v1/notifications/:id/read, POST} route[39m[38;5;3m +0ms[39m
[32m[Nest] 3764  - [39m03/13/2026, 1:10:40 PM [32m    LOG[39m [38;5;3m[RouterExplorer] [39m[32mMapped {/api/v1/notifications/read-all, POST} route[39m[38;5;3m +0ms[39m
[32m[Nest] 3764  - [39m03/13/2026, 1:10:40 PM [32m    LOG[39m [38;5;3m[RoutesResolver] [39m[32mPostController {/api/v1/posts}:[39m[38;5;3m +0ms[39m
[32m[Nest] 3764  - [39m03/13/2026, 1:10:40 PM [32m    LOG[39m [38;5;3m[RouterExplorer] [39m[32mMapped {/api/v1/posts/upload, POST} route[39m[38;5;3m +0ms[39m
[32m[Nest] 3764  - [39m03/13/2026, 1:10:40 PM [32m    LOG[39m [38;5;3m[RouterExplorer] [39m[32mMapped {/api/v1/posts, POST} route[39m[38;5;3m +0ms[39m
[32m[Nest] 3764  - [39m03/13/2026, 1:10:40 PM [32m    LOG[39m [38;5;3m[RouterExplorer] [39m[32mMapped {/api/v1/posts/feed, GET} route[39m[38;5;3m +0ms[39m
[32m[Nest] 3764  - [39m03/13/2026, 1:10:40 PM [32m    LOG[39m [38;5;3m[RouterExplorer] [39m[32mMapped {/api/v1/posts/user/:id, GET} route[39m[38;5;3m +0ms[39m
[32m[Nest] 3764  - [39m03/13/2026, 1:10:40 PM [32m    LOG[39m [38;5;3m[RouterExplorer] [39m[32mMapped {/api/v1/posts/:id, GET} route[39m[38;5;3m +0ms[39m
[32m[Nest] 3764  - [39m03/13/2026, 1:10:40 PM [32m    LOG[39m [38;5;3m[RouterExplorer] [39m[32mMapped {/api/v1/posts/:id, DELETE} route[39m[38;5;3m +0ms[39m
[32m[Nest] 3764  - [39m03/13/2026, 1:10:40 PM [32m    LOG[39m [38;5;3m[RoutesResolver] [39m[32mEngagementController {/api/v1/posts}:[39m[38;5;3m +0ms[39m
[32m[Nest] 3764  - [39m03/13/2026, 1:10:40 PM [32m    LOG[39m [38;5;3m[RouterExplorer] [39m[32mMapped {/api/v1/posts/:id/like, POST} route[39m[38;5;3m +1ms[39m
[32m[Nest] 3764  - [39m03/13/2026, 1:10:40 PM [32m    LOG[39m [38;5;3m[RouterExplorer] [39m[32mMapped {/api/v1/posts/:id/like, DELETE} route[39m[38;5;3m +0ms[39m
[32m[Nest] 3764  - [39m03/13/2026, 1:10:40 PM [32m    LOG[39m [38;5;3m[RouterExplorer] [39m[32mMapped {/api/v1/posts/:id/comments, POST} route[39m[38;5;3m +0ms[39m
[32m[Nest] 3764  - [39m03/13/2026, 1:10:40 PM [32m    LOG[39m [38;5;3m[RouterExplorer] [39m[32mMapped {/api/v1/posts/:id/comments, GET} route[39m[38;5;3m +0ms[39m
[32m[Nest] 3764  - [39m03/13/2026, 1:10:40 PM [32m    LOG[39m [38;5;3m[RouterExplorer] [39m[32mMapped {/api/v1/posts/comments/:commentId, DELETE} route[39m[38;5;3m +0ms[39m
[32m[Nest] 3764  - [39m03/13/2026, 1:10:40 PM [32m    LOG[39m [38;5;3m[RoutesResolver] [39m[32mChatController {/api/v1/conversations}:[39m[38;5;3m +0ms[39m
[32m[Nest] 3764  - [39m03/13/2026, 1:10:40 PM [32m    LOG[39m [38;5;3m[RouterExplorer] [39m[32mMapped {/api/v1/conversations, POST} route[39m[38;5;3m +0ms[39m
[32m[Nest] 3764  - [39m03/13/2026, 1:10:40 PM [32m    LOG[39m [38;5;3m[RouterExplorer] [39m[32mMapped {/api/v1/conversations, GET} route[39m[38;5;3m +0ms[39m
[32m[Nest] 3764  - [39m03/13/2026, 1:10:40 PM [32m    LOG[39m [38;5;3m[RouterExplorer] [39m[32mMapped {/api/v1/conversations/:id/messages, GET} route[39m[38;5;3m +1ms[39m
[32m[Nest] 3764  - [39m03/13/2026, 1:10:40 PM [32m    LOG[39m [38;5;3m[RouterExplorer] [39m[32mMapped {/api/v1/conversations/unread-count, GET} route[39m[38;5;3m +0ms[39m
[32m[Nest] 3764  - [39m03/13/2026, 1:10:40 PM [32m    LOG[39m [38;5;3m[RouterExplorer] [39m[32mMapped {/api/v1/conversations/:id/leave, POST} route[39m[38;5;3m +0ms[39m
[32m[Nest] 3764  - [39m03/13/2026, 1:10:40 PM [32m    LOG[39m [38;5;3m[RouterExplorer] [39m[32mMapped {/api/v1/conversations/:id/messages, POST} route[39m[38;5;3m +0ms[39m
[32m[Nest] 3764  - [39m03/13/2026, 1:10:40 PM [32m    LOG[39m [38;5;3m[RoutesResolver] [39m[32mSearchController {/api/v1/search}:[39m[38;5;3m +0ms[39m
[32m[Nest] 3764  - [39m03/13/2026, 1:10:40 PM [32m    LOG[39m [38;5;3m[RouterExplorer] [39m[32mMapped {/api/v1/search/users, GET} route[39m[38;5;3m +0ms[39m
[32m[Nest] 3764  - [39m03/13/2026, 1:10:40 PM [32m    LOG[39m [38;5;3m[RouterExplorer] [39m[32mMapped {/api/v1/search/hashtags, GET} route[39m[38;5;3m +0ms[39m
[32m[Nest] 3764  - [39m03/13/2026, 1:10:40 PM [32m    LOG[39m [38;5;3m[RouterExplorer] [39m[32mMapped {/api/v1/search/hashtags/:name/posts, GET} route[39m[38;5;3m +1ms[39m
[32m[Nest] 3764  - [39m03/13/2026, 1:10:40 PM [32m    LOG[39m [38;5;3m[RouterExplorer] [39m[32mMapped {/api/v1/search/global, GET} route[39m[38;5;3m +0ms[39m
[32m[Nest] 3764  - [39m03/13/2026, 1:10:40 PM [32m    LOG[39m [38;5;3m[RouterExplorer] [39m[32mMapped {/api/v1/search/trending, GET} route[39m[38;5;3m +0ms[39m
[32m[Nest] 3764  - [39m03/13/2026, 1:10:40 PM [32m    LOG[39m [38;5;3m[NestApplication] [39m[32mNest application successfully started[39m[38;5;3m +2ms[39m
[31m[Nest] 3764  - 
[39m03/13/2026, 1:10:40 
PM [31m  ERROR[39m [38;
5;3m[NestApplication] 
[39m[31mError: listen 
EADDRINUSE: address 
already in use 
:::3000[39m[38;5;3m 
+1ms[39m
node:net:1940
    const ex = new UVExcep
tionWithHostPort(err, 
'listen', address, port);
               ^

Error: listen EADDRINUSE: 
address already in use 
:::3000
    at 
Server.setupListenHandle 
[as _listen2] 
(node:net:1940:16)
    at listenInCluster 
(node:net:1997:12)
    at Server.listen 
(node:net:2102:7)
    at 
ExpressAdapter.listen (D:\
Dev\DATN\datn-social\backe
nd\node_modules\@nestjs\pl
atform-express\adapters\ex
press-adapter.js:95:32)
    at D:\Dev\DATN\datn-so
cial\backend\node_modules\
@nestjs\core\nest-applicat
ion.js:183:30
    at new Promise 
(<anonymous>)
    at 
NestApplication.listen (D:
\Dev\DATN\datn-social\back
end\node_modules\@nestjs\c
ore\nest-application.js:17
3:16)
    at process.processTick
sAndRejections (node:inter
nal/process/task_queues:10
3:5)
    at async bootstrap (D:
\Dev\DATN\datn-social\back
end\src\main.ts:37:3) {
  code: 'EADDRINUSE',
  errno: -4091,
  syscall: 'listen',
  address: '::',
  port: 3000
}

Node.js v24.11.1
